Archive member included to satisfy reference by file (symbol)

d:/st/stm32cubeide_1.10.1/stm32cubeide/plugins/com.st.stm32cube.ide.mcu.externaltools.gnu-tools-for-stm32.10.3-2021.10.win32_1.0.0.202111181127/tools/bin/../lib/gcc/arm-none-eabi/10.3.1/../../../../arm-none-eabi/lib/thumb/v7-m/nofp\libc_nano.a(lib_a-errno.o)
                              ./Core/Src/syscalls.o (__errno)
d:/st/stm32cubeide_1.10.1/stm32cubeide/plugins/com.st.stm32cube.ide.mcu.externaltools.gnu-tools-for-stm32.10.3-2021.10.win32_1.0.0.202111181127/tools/bin/../lib/gcc/arm-none-eabi/10.3.1/../../../../arm-none-eabi/lib/thumb/v7-m/nofp\libc_nano.a(lib_a-exit.o)
                              d:/st/stm32cubeide_1.10.1/stm32cubeide/plugins/com.st.stm32cube.ide.mcu.externaltools.gnu-tools-for-stm32.10.3-2021.10.win32_1.0.0.202111181127/tools/bin/../lib/gcc/arm-none-eabi/10.3.1/../../../../arm-none-eabi/lib/thumb/v7-m/nofp/crt0.o (exit)
d:/st/stm32cubeide_1.10.1/stm32cubeide/plugins/com.st.stm32cube.ide.mcu.externaltools.gnu-tools-for-stm32.10.3-2021.10.win32_1.0.0.202111181127/tools/bin/../lib/gcc/arm-none-eabi/10.3.1/../../../../arm-none-eabi/lib/thumb/v7-m/nofp\libc_nano.a(lib_a-impure.o)
                              d:/st/stm32cubeide_1.10.1/stm32cubeide/plugins/com.st.stm32cube.ide.mcu.externaltools.gnu-tools-for-stm32.10.3-2021.10.win32_1.0.0.202111181127/tools/bin/../lib/gcc/arm-none-eabi/10.3.1/../../../../arm-none-eabi/lib/thumb/v7-m/nofp\libc_nano.a(lib_a-exit.o) (_global_impure_ptr)
d:/st/stm32cubeide_1.10.1/stm32cubeide/plugins/com.st.stm32cube.ide.mcu.externaltools.gnu-tools-for-stm32.10.3-2021.10.win32_1.0.0.202111181127/tools/bin/../lib/gcc/arm-none-eabi/10.3.1/../../../../arm-none-eabi/lib/thumb/v7-m/nofp\libc_nano.a(lib_a-init.o)
                              d:/st/stm32cubeide_1.10.1/stm32cubeide/plugins/com.st.stm32cube.ide.mcu.externaltools.gnu-tools-for-stm32.10.3-2021.10.win32_1.0.0.202111181127/tools/bin/../lib/gcc/arm-none-eabi/10.3.1/../../../../arm-none-eabi/lib/thumb/v7-m/nofp/crt0.o (__libc_init_array)
d:/st/stm32cubeide_1.10.1/stm32cubeide/plugins/com.st.stm32cube.ide.mcu.externaltools.gnu-tools-for-stm32.10.3-2021.10.win32_1.0.0.202111181127/tools/bin/../lib/gcc/arm-none-eabi/10.3.1/../../../../arm-none-eabi/lib/thumb/v7-m/nofp\libc_nano.a(lib_a-memset.o)
                              d:/st/stm32cubeide_1.10.1/stm32cubeide/plugins/com.st.stm32cube.ide.mcu.externaltools.gnu-tools-for-stm32.10.3-2021.10.win32_1.0.0.202111181127/tools/bin/../lib/gcc/arm-none-eabi/10.3.1/../../../../arm-none-eabi/lib/thumb/v7-m/nofp/crt0.o (memset)

Discarded input sections

 .text          0x0000000000000000        0x0 d:/st/stm32cubeide_1.10.1/stm32cubeide/plugins/com.st.stm32cube.ide.mcu.externaltools.gnu-tools-for-stm32.10.3-2021.10.win32_1.0.0.202111181127/tools/bin/../lib/gcc/arm-none-eabi/10.3.1/thumb/v7-m/nofp/crti.o
 .data          0x0000000000000000        0x0 d:/st/stm32cubeide_1.10.1/stm32cubeide/plugins/com.st.stm32cube.ide.mcu.externaltools.gnu-tools-for-stm32.10.3-2021.10.win32_1.0.0.202111181127/tools/bin/../lib/gcc/arm-none-eabi/10.3.1/thumb/v7-m/nofp/crti.o
 .bss           0x0000000000000000        0x0 d:/st/stm32cubeide_1.10.1/stm32cubeide/plugins/com.st.stm32cube.ide.mcu.externaltools.gnu-tools-for-stm32.10.3-2021.10.win32_1.0.0.202111181127/tools/bin/../lib/gcc/arm-none-eabi/10.3.1/thumb/v7-m/nofp/crti.o
 .data          0x0000000000000000        0x4 d:/st/stm32cubeide_1.10.1/stm32cubeide/plugins/com.st.stm32cube.ide.mcu.externaltools.gnu-tools-for-stm32.10.3-2021.10.win32_1.0.0.202111181127/tools/bin/../lib/gcc/arm-none-eabi/10.3.1/thumb/v7-m/nofp/crtbegin.o
 .rodata        0x0000000000000000       0x24 d:/st/stm32cubeide_1.10.1/stm32cubeide/plugins/com.st.stm32cube.ide.mcu.externaltools.gnu-tools-for-stm32.10.3-2021.10.win32_1.0.0.202111181127/tools/bin/../lib/gcc/arm-none-eabi/10.3.1/thumb/v7-m/nofp/crtbegin.o
 .text          0x0000000000000000       0x7c d:/st/stm32cubeide_1.10.1/stm32cubeide/plugins/com.st.stm32cube.ide.mcu.externaltools.gnu-tools-for-stm32.10.3-2021.10.win32_1.0.0.202111181127/tools/bin/../lib/gcc/arm-none-eabi/10.3.1/../../../../arm-none-eabi/lib/thumb/v7-m/nofp/crt0.o
 .data          0x0000000000000000        0x0 d:/st/stm32cubeide_1.10.1/stm32cubeide/plugins/com.st.stm32cube.ide.mcu.externaltools.gnu-tools-for-stm32.10.3-2021.10.win32_1.0.0.202111181127/tools/bin/../lib/gcc/arm-none-eabi/10.3.1/../../../../arm-none-eabi/lib/thumb/v7-m/nofp/crt0.o
 .bss           0x0000000000000000        0x0 d:/st/stm32cubeide_1.10.1/stm32cubeide/plugins/com.st.stm32cube.ide.mcu.externaltools.gnu-tools-for-stm32.10.3-2021.10.win32_1.0.0.202111181127/tools/bin/../lib/gcc/arm-none-eabi/10.3.1/../../../../arm-none-eabi/lib/thumb/v7-m/nofp/crt0.o
[...]
Memory Configuration

Name             Origin             Length             Attributes
RAM              0x0000000020000000 0x000000000000c000 xrw
FLASH            0x0000000008000000 0x0000000000040000 xr
*default*        0x0000000000000000 0xffffffffffffffff

Linker script and memory map

LOAD d:/st/stm32cubeide_1.10.1/stm32cubeide/plugins/com.st.stm32cube.ide.mcu.externaltools.gnu-tools-for-stm32.10.3-2021.10.win32_1.0.0.202111181127/tools/bin/../lib/gcc/arm-none-eabi/10.3.1/thumb/v7-m/nofp/crti.o
LOAD d:/st/stm32cubeide_1.10.1/stm32cubeide/plugins/com.st.stm32cube.ide.mcu.externaltools.gnu-tools-for-stm32.10.3-2021.10.win32_1.0.0.202111181127/tools/bin/../lib/gcc/arm-none-eabi/10.3.1/thumb/v7-m/nofp/crtbegin.o
LOAD d:/st/stm32cubeide_1.10.1/stm32cubeide/plugins/com.st.stm32cube.ide.mcu.externaltools.gnu-tools-for-stm32.10.3-2021.10.win32_1.0.0.202111181127/tools/bin/../lib/gcc/arm-none-eabi/10.3.1/../../../../arm-none-eabi/lib/thumb/v7-m/nofp/crt0.o
LOAD ./Core/Src/main.o
LOAD ./Core/Src/ov7670.o
LOAD ./Core/Src/sccb.o
LOAD ./Core/Src/stm32f1xx_hal_msp.o
LOAD ./Core/Src/stm32f1xx_it.o
LOAD ./Core/Src/syscalls.o
LOAD ./Core/Src/sysmem.o
LOAD ./Core/Src/system_stm32f1xx.o
LOAD ./Core/Startup/startup_stm32f103rctx.o
LOAD ./Drivers/STM32F1xx_HAL_Driver/Src/stm32f1xx_hal.o
LOAD ./Drivers/STM32F1xx_HAL_Driver/Src/stm32f1xx_hal_cortex.o
LOAD ./Drivers/STM32F1xx_HAL_Driver/Src/stm32f1xx_hal_dma.o
LOAD ./Drivers/STM32F1xx_HAL_Driver/Src/stm32f1xx_hal_exti.o
LOAD ./Drivers/STM32F1xx_HAL_Driver/Src/stm32f1xx_hal_flash.o
LOAD ./Drivers/STM32F1xx_HAL_Driver/Src/stm32f1xx_hal_flash_ex.o
LOAD ./Drivers/STM32F1xx_HAL_Driver/Src/stm32f1xx_hal_gpio.o
LOAD ./Drivers/STM32F1xx_HAL_Driver/Src/stm32f1xx_hal_gpio_ex.o
LOAD ./Drivers/STM32F1xx_HAL_Driver/Src/stm32f1xx_hal_pwr.o
LOAD ./Drivers/STM32F1xx_HAL_Driver/Src/stm32f1xx_hal_rcc.o
LOAD ./Drivers/STM32F1xx_HAL_Driver/Src/stm32f1xx_hal_rcc_ex.o
LOAD ./Drivers/STM32F1xx_HAL_Driver/Src/stm32f1xx_hal_tim.o
LOAD ./Drivers/STM32F1xx_HAL_Driver/Src/stm32f1xx_hal_tim_ex.o
LOAD ./Drivers/STM32F1xx_HAL_Driver/Src/stm32f1xx_hal_uart.o
START GROUP
LOAD d:/st/stm32cubeide_1.10.1/stm32cubeide/plugins/com.st.stm32cube.ide.mcu.externaltools.gnu-tools-for-stm32.10.3-2021.10.win32_1.0.0.202111181127/tools/bin/../lib/gcc/arm-none-eabi/10.3.1/../../../../arm-none-eabi/lib/thumb/v7-m/nofp\libc_nano.a
LOAD d:/st/stm32cubeide_1.10.1/stm32cubeide/plugins/com.st.stm32cube.ide.mcu.externaltools.gnu-tools-for-stm32.10.3-2021.10.win32_1.0.0.202111181127/tools/bin/../lib/gcc/arm-none-eabi/10.3.1/../../../../arm-none-eabi/lib/thumb/v7-m/nofp\libm.a
END GROUP
START GROUP
LOAD d:/st/stm32cubeide_1.10.1/stm32cubeide/plugins/com.st.stm32cube.ide.mcu.externaltools.gnu-tools-for-stm32.10.3-2021.10.win32_1.0.0.202111181127/tools/bin/../lib/gcc/arm-none-eabi/10.3.1/thumb/v7-m/nofp\libgcc.a
LOAD d:/st/stm32cubeide_1.10.1/stm32cubeide/plugins/com.st.stm32cube.ide.mcu.externaltools.gnu-tools-for-stm32.10.3-2021.10.win32_1.0.0.202111181127/tools/bin/../lib/gcc/arm-none-eabi/10.3.1/../../../../arm-none-eabi/lib/thumb/v7-m/nofp\libc_nano.a
END GROUP
START GROUP
LOAD d:/st/stm32cubeide_1.10.1/stm32cubeide/plugins/com.st.stm32cube.ide.mcu.externaltools.gnu-tools-for-stm32.10.3-2021.10.win32_1.0.0.202111181127/tools/bin/../lib/gcc/arm-none-eabi/10.3.1/thumb/v7-m/nofp\libgcc.a
LOAD d:/st/stm32cubeide_1.10.1/stm32cubeide/plugins/com.st.stm32cube.ide.mcu.externaltools.gnu-tools-for-stm32.10.3-2021.10.win32_1.0.0.202111181127/tools/bin/../lib/gcc/arm-none-eabi/10.3.1/../../../../arm-none-eabi/lib/thumb/v7-m/nofp\libc_nano.a
LOAD d:/st/stm32cubeide_1.10.1/stm32cubeide/plugins/com.st.stm32cube.ide.mcu.externaltools.gnu-tools-for-stm32.10.3-2021.10.win32_1.0.0.202111181127/tools/bin/../lib/gcc/arm-none-eabi/10.3.1/../../../../arm-none-eabi/lib/thumb/v7-m/nofp\libnosys.a
END GROUP
START GROUP
LOAD d:/st/stm32cubeide_1.10.1/stm32cubeide/plugins/com.st.stm32cube.ide.mcu.externaltools.gnu-tools-for-stm32.10.3-2021.10.win32_1.0.0.202111181127/tools/bin/../lib/gcc/arm-none-eabi/10.3.1/thumb/v7-m/nofp\libgcc.a
LOAD d:/st/stm32cubeide_1.10.1/stm32cubeide/plugins/com.st.stm32cube.ide.mcu.externaltools.gnu-tools-for-stm32.10.3-2021.10.win32_1.0.0.202111181127/tools/bin/../lib/gcc/arm-none-eabi/10.3.1/../../../../arm-none-eabi/lib/thumb/v7-m/nofp\libc_nano.a
LOAD d:/st/stm32cubeide_1.10.1/stm32cubeide/plugins/com.st.stm32cube.ide.mcu.externaltools.gnu-tools-for-stm32.10.3-2021.10.win32_1.0.0.202111181127/tools/bin/../lib/gcc/arm-none-eabi/10.3.1/../../../../arm-none-eabi/lib/thumb/v7-m/nofp\libnosys.a
END GROUP
LOAD d:/st/stm32cubeide_1.10.1/stm32cubeide/plugins/com.st.stm32cube.ide.mcu.externaltools.gnu-tools-for-stm32.10.3-2021.10.win32_1.0.0.202111181127/tools/bin/../lib/gcc/arm-none-eabi/10.3.1/thumb/v7-m/nofp/crtend.o
LOAD d:/st/stm32cubeide_1.10.1/stm32cubeide/plugins/com.st.stm32cube.ide.mcu.externaltools.gnu-tools-for-stm32.10.3-2021.10.win32_1.0.0.202111181127/tools/bin/../lib/gcc/arm-none-eabi/10.3.1/thumb/v7-m/nofp/crtn.o
                0x000000002000c000                _estack = (ORIGIN (RAM) + LENGTH (RAM))
                0x0000000000000200                _Min_Heap_Size = 0x200
                0x0000000000000400                _Min_Stack_Size = 0x400

.isr_vector     0x0000000008000000      0x1e4
                0x0000000008000000                . = ALIGN (0x4)
 *(.isr_vector)
 .isr_vector    0x0000000008000000      0x1e4 ./Core/Startup/startup_stm32f103rctx.o
                0x0000000008000000                g_pfnVectors
                0x00000000080001e4                . = ALIGN (0x4)

.text           0x00000000080001e4     0x2284
                0x00000000080001e4                . = ALIGN (0x4)
 *(.text)
 .text          0x00000000080001e4       0x40 d:/st/stm32cubeide_1.10.1/stm32cubeide/plugins/com.st.stm32cube.ide.mcu.externaltools.gnu-tools-for-stm32.10.3-2021.10.win32_1.0.0.202111181127/tools/bin/../lib/gcc/arm-none-eabi/10.3.1/thumb/v7-m/nofp/crtbegin.o
 *(.text*)
 .text.sw_delay_ms
                0x0000000008000224       0x64 ./Core/Src/main.o
 .text.main     0x0000000008000288       0x5c ./Core/Src/main.o
                0x0000000008000288                main
 .text.SystemClock_Config
                0x00000000080002e4       0x8a ./Core/Src/main.o
                0x00000000080002e4                SystemClock_Config
 *fill*         0x000000000800036e        0x2 
 .text.MX_USART1_UART_Init
                0x0000000008000370       0x54 ./Core/Src/main.o
 .text.MX_GPIO_Init
                0x00000000080003c4      0x150 ./Core/Src/main.o
 .text.HAL_UART_RxCpltCallback
                0x0000000008000514       0xbc ./Core/Src/main.o
                0x0000000008000514                HAL_UART_RxCpltCallback
 .text.Error_Handler
                0x00000000080005d0        0xa ./Core/Src/main.o
                0x00000000080005d0                Error_Handler
 *fill*         0x00000000080005da        0x2 
 .text.HAL_MspInit
                0x00000000080005dc       0x64 ./Core/Src/stm32f1xx_hal_msp.o
                0x00000000080005dc                HAL_MspInit
 .text.HAL_UART_MspInit
                0x0000000008000640       0xa8 ./Core/Src/stm32f1xx_hal_msp.o
                0x0000000008000640                HAL_UART_MspInit
 .text.NMI_Handler
                0x00000000080006e8        0x6 ./Core/Src/stm32f1xx_it.o
                0x00000000080006e8                NMI_Handler
 .text.HardFault_Handler
                0x00000000080006ee        0x6 ./Core/Src/stm32f1xx_it.o
                0x00000000080006ee                HardFault_Handler
 .text.MemManage_Handler
                0x00000000080006f4        0x6 ./Core/Src/stm32f1xx_it.o
                0x00000000080006f4                MemManage_Handler
 .text.BusFault_Handler
                0x00000000080006fa        0x6 ./Core/Src/stm32f1xx_it.o
                0x00000000080006fa                BusFault_Handler
 .text.UsageFault_Handler
                0x0000000008000700        0x6 ./Core/Src/stm32f1xx_it.o
                0x0000000008000700                UsageFault_Handler
 .text.SVC_Handler
                0x0000000008000706        0xc ./Core/Src/stm32f1xx_it.o
                0x0000000008000706                SVC_Handler
 .text.DebugMon_Handler
                0x0000000008000712        0xc ./Core/Src/stm32f1xx_it.o
                0x0000000008000712                DebugMon_Handler
 .text.PendSV_Handler
                0x000000000800071e        0xc ./Core/Src/stm32f1xx_it.o
                0x000000000800071e                PendSV_Handler
 .text.SysTick_Handler
                0x000000000800072a        0xc ./Core/Src/stm32f1xx_it.o
                0x000000000800072a                SysTick_Handler
 *fill*         0x0000000008000736        0x2 
 .text.USART1_IRQHandler
                0x0000000008000738       0x14 ./Core/Src/stm32f1xx_it.o
                0x0000000008000738                USART1_IRQHandler
 .text.SystemInit
                0x000000000800074c        0xc ./Core/Src/system_stm32f1xx.o
                0x000000000800074c                SystemInit
 .text.Reset_Handler
                0x0000000008000758       0x48 ./Core/Startup/startup_stm32f103rctx.o
                0x0000000008000758                Reset_Handler
 .text.Default_Handler
                0x00000000080007a0        0x2 ./Core/Startup/startup_stm32f103rctx.o
                0x00000000080007a0                RTC_Alarm_IRQHandler
                0x00000000080007a0                EXTI2_IRQHandler
                0x00000000080007a0                TIM8_TRG_COM_IRQHandler
                0x00000000080007a0                TIM8_CC_IRQHandler
                0x00000000080007a0                TIM1_CC_IRQHandler
                0x00000000080007a0                TIM6_IRQHandler
                0x00000000080007a0                PVD_IRQHandler
                0x00000000080007a0                SDIO_IRQHandler
                0x00000000080007a0                EXTI3_IRQHandler
                0x00000000080007a0                EXTI0_IRQHandler
                0x00000000080007a0                I2C2_EV_IRQHandler
                0x00000000080007a0                ADC1_2_IRQHandler
                0x00000000080007a0                SPI1_IRQHandler
                0x00000000080007a0                TAMPER_IRQHandler
                0x00000000080007a0                TIM8_UP_IRQHandler
                0x00000000080007a0                DMA2_Channel2_IRQHandler
                0x00000000080007a0                DMA1_Channel4_IRQHandler
                0x00000000080007a0                USART3_IRQHandler
                0x00000000080007a0                RTC_IRQHandler
                0x00000000080007a0                DMA1_Channel7_IRQHandler
                0x00000000080007a0                CAN1_RX1_IRQHandler
                0x00000000080007a0                UART5_IRQHandler
                0x00000000080007a0                ADC3_IRQHandler
                0x00000000080007a0                TIM4_IRQHandler
                0x00000000080007a0                DMA2_Channel1_IRQHandler
                0x00000000080007a0                I2C1_EV_IRQHandler
                0x00000000080007a0                DMA1_Channel6_IRQHandler
                0x00000000080007a0                UART4_IRQHandler
                0x00000000080007a0                TIM3_IRQHandler
                0x00000000080007a0                RCC_IRQHandler
                0x00000000080007a0                TIM1_TRG_COM_IRQHandler
                0x00000000080007a0                DMA1_Channel1_IRQHandler
                0x00000000080007a0                Default_Handler
                0x00000000080007a0                EXTI15_10_IRQHandler
                0x00000000080007a0                TIM7_IRQHandler
                0x00000000080007a0                TIM5_IRQHandler
                0x00000000080007a0                EXTI9_5_IRQHandler
                0x00000000080007a0                SPI2_IRQHandler
                0x00000000080007a0                DMA1_Channel5_IRQHandler
                0x00000000080007a0                EXTI4_IRQHandler
                0x00000000080007a0                USB_LP_CAN1_RX0_IRQHandler
                0x00000000080007a0                USB_HP_CAN1_TX_IRQHandler
                0x00000000080007a0                DMA1_Channel3_IRQHandler
                0x00000000080007a0                FSMC_IRQHandler
                0x00000000080007a0                TIM1_UP_IRQHandler
                0x00000000080007a0                WWDG_IRQHandler
                0x00000000080007a0                TIM2_IRQHandler
                0x00000000080007a0                TIM1_BRK_IRQHandler
                0x00000000080007a0                EXTI1_IRQHandler
                0x00000000080007a0                DMA2_Channel4_5_IRQHandler
                0x00000000080007a0                USART2_IRQHandler
                0x00000000080007a0                I2C2_ER_IRQHandler
                0x00000000080007a0                DMA1_Channel2_IRQHandler
                0x00000000080007a0                TIM8_BRK_IRQHandler
                0x00000000080007a0                CAN1_SCE_IRQHandler
                0x00000000080007a0                FLASH_IRQHandler
                0x00000000080007a0                SPI3_IRQHandler
                0x00000000080007a0                I2C1_ER_IRQHandler
                0x00000000080007a0                USBWakeUp_IRQHandler
                0x00000000080007a0                DMA2_Channel3_IRQHandler
 *fill*         0x00000000080007a2        0x2 
 .text.HAL_Init
                0x00000000080007a4       0x2c ./Drivers/STM32F1xx_HAL_Driver/Src/stm32f1xx_hal.o
                0x00000000080007a4                HAL_Init
 .text.HAL_InitTick
                0x00000000080007d0       0x60 ./Drivers/STM32F1xx_HAL_Driver/Src/stm32f1xx_hal.o
                0x00000000080007d0                HAL_InitTick
 .text.HAL_IncTick
                0x0000000008000830       0x24 ./Drivers/STM32F1xx_HAL_Driver/Src/stm32f1xx_hal.o
                0x0000000008000830                HAL_IncTick
 .text.HAL_GetTick
                0x0000000008000854       0x14 ./Drivers/STM32F1xx_HAL_Driver/Src/stm32f1xx_hal.o
                0x0000000008000854                HAL_GetTick
 .text.__NVIC_SetPriorityGrouping
                0x0000000008000868       0x48 ./Drivers/STM32F1xx_HAL_Driver/Src/stm32f1xx_hal_cortex.o
 .text.__NVIC_GetPriorityGrouping
                0x00000000080008b0       0x1c ./Drivers/STM32F1xx_HAL_Driver/Src/stm32f1xx_hal_cortex.o
 .text.__NVIC_EnableIRQ
                0x00000000080008cc       0x38 ./Drivers/STM32F1xx_HAL_Driver/Src/stm32f1xx_hal_cortex.o
 .text.__NVIC_SetPriority
                0x0000000008000904       0x54 ./Drivers/STM32F1xx_HAL_Driver/Src/stm32f1xx_hal_cortex.o
 .text.NVIC_EncodePriority
                0x0000000008000958       0x64 ./Drivers/STM32F1xx_HAL_Driver/Src/stm32f1xx_hal_cortex.o
 .text.SysTick_Config
                0x00000000080009bc       0x44 ./Drivers/STM32F1xx_HAL_Driver/Src/stm32f1xx_hal_cortex.o
 .text.HAL_NVIC_SetPriorityGrouping
                0x0000000008000a00       0x16 ./Drivers/STM32F1xx_HAL_Driver/Src/stm32f1xx_hal_cortex.o
                0x0000000008000a00                HAL_NVIC_SetPriorityGrouping
 .text.HAL_NVIC_SetPriority
                0x0000000008000a16       0x38 ./Drivers/STM32F1xx_HAL_Driver/Src/stm32f1xx_hal_cortex.o
                0x0000000008000a16                HAL_NVIC_SetPriority
 .text.HAL_NVIC_EnableIRQ
                0x0000000008000a4e       0x1c ./Drivers/STM32F1xx_HAL_Driver/Src/stm32f1xx_hal_cortex.o
                0x0000000008000a4e                HAL_NVIC_EnableIRQ
 .text.HAL_SYSTICK_Config
                0x0000000008000a6a       0x18 ./Drivers/STM32F1xx_HAL_Driver/Src/stm32f1xx_hal_cortex.o
                0x0000000008000a6a                HAL_SYSTICK_Config
 .text.HAL_DMA_Abort
                0x0000000008000a82       0x74 ./Drivers/STM32F1xx_HAL_Driver/Src/stm32f1xx_hal_dma.o
                0x0000000008000a82                HAL_DMA_Abort
 *fill*         0x0000000008000af6        0x2 
 .text.HAL_DMA_Abort_IT
                0x0000000008000af8      0x210 ./Drivers/STM32F1xx_HAL_Driver/Src/stm32f1xx_hal_dma.o
                0x0000000008000af8                HAL_DMA_Abort_IT
 .text.HAL_GPIO_Init
                0x0000000008000d08      0x328 ./Drivers/STM32F1xx_HAL_Driver/Src/stm32f1xx_hal_gpio.o
                0x0000000008000d08                HAL_GPIO_Init
 .text.HAL_GPIO_ReadPin
                0x0000000008001030       0x2e ./Drivers/STM32F1xx_HAL_Driver/Src/stm32f1xx_hal_gpio.o
                0x0000000008001030                HAL_GPIO_ReadPin
 .text.HAL_GPIO_WritePin
                0x000000000800105e       0x30 ./Drivers/STM32F1xx_HAL_Driver/Src/stm32f1xx_hal_gpio.o
                0x000000000800105e                HAL_GPIO_WritePin
 *fill*         0x000000000800108e        0x2 
 .text.HAL_RCC_OscConfig
                0x0000000008001090      0x504 ./Drivers/STM32F1xx_HAL_Driver/Src/stm32f1xx_hal_rcc.o
                0x0000000008001090                HAL_RCC_OscConfig
 .text.HAL_RCC_ClockConfig
                0x0000000008001594      0x1d4 ./Drivers/STM32F1xx_HAL_Driver/Src/stm32f1xx_hal_rcc.o
                0x0000000008001594                HAL_RCC_ClockConfig
 .text.HAL_RCC_GetSysClockFreq
                0x0000000008001768       0xbc ./Drivers/STM32F1xx_HAL_Driver/Src/stm32f1xx_hal_rcc.o
                0x0000000008001768                HAL_RCC_GetSysClockFreq
 .text.HAL_RCC_GetHCLKFreq
                0x0000000008001824       0x14 ./Drivers/STM32F1xx_HAL_Driver/Src/stm32f1xx_hal_rcc.o
                0x0000000008001824                HAL_RCC_GetHCLKFreq
 .text.HAL_RCC_GetPCLK1Freq
                0x0000000008001838       0x28 ./Drivers/STM32F1xx_HAL_Driver/Src/stm32f1xx_hal_rcc.o
                0x0000000008001838                HAL_RCC_GetPCLK1Freq
 .text.HAL_RCC_GetPCLK2Freq
                0x0000000008001860       0x28 ./Drivers/STM32F1xx_HAL_Driver/Src/stm32f1xx_hal_rcc.o
                0x0000000008001860                HAL_RCC_GetPCLK2Freq
 .text.RCC_Delay
                0x0000000008001888       0x3c ./Drivers/STM32F1xx_HAL_Driver/Src/stm32f1xx_hal_rcc.o
 .text.HAL_UART_Init
                0x00000000080018c4       0x9a ./Drivers/STM32F1xx_HAL_Driver/Src/stm32f1xx_hal_uart.o
                0x00000000080018c4                HAL_UART_Init
 .text.HAL_UART_Transmit
                0x000000000800195e      0x124 ./Drivers/STM32F1xx_HAL_Driver/Src/stm32f1xx_hal_uart.o
                0x000000000800195e                HAL_UART_Transmit
 .text.HAL_UART_Transmit_IT
                0x0000000008001a82       0x88 ./Drivers/STM32F1xx_HAL_Driver/Src/stm32f1xx_hal_uart.o
                0x0000000008001a82                HAL_UART_Transmit_IT
 .text.HAL_UART_Receive_IT
                0x0000000008001b0a       0x60 ./Drivers/STM32F1xx_HAL_Driver/Src/stm32f1xx_hal_uart.o
                0x0000000008001b0a                HAL_UART_Receive_IT
 *fill*         0x0000000008001b6a        0x2 
 .text.HAL_UART_IRQHandler
                0x0000000008001b6c      0x354 ./Drivers/STM32F1xx_HAL_Driver/Src/stm32f1xx_hal_uart.o
                0x0000000008001b6c                HAL_UART_IRQHandler
 .text.HAL_UART_TxCpltCallback
                0x0000000008001ec0       0x12 ./Drivers/STM32F1xx_HAL_Driver/Src/stm32f1xx_hal_uart.o
                0x0000000008001ec0                HAL_UART_TxCpltCallback
 .text.HAL_UART_ErrorCallback
                0x0000000008001ed2       0x12 ./Drivers/STM32F1xx_HAL_Driver/Src/stm32f1xx_hal_uart.o
                0x0000000008001ed2                HAL_UART_ErrorCallback
 .text.HAL_UARTEx_RxEventCallback
                0x0000000008001ee4       0x16 ./Drivers/STM32F1xx_HAL_Driver/Src/stm32f1xx_hal_uart.o
                0x0000000008001ee4                HAL_UARTEx_RxEventCallback
 .text.HAL_UART_GetState
                0x0000000008001efa       0x3a ./Drivers/STM32F1xx_HAL_Driver/Src/stm32f1xx_hal_uart.o
                0x0000000008001efa                HAL_UART_GetState
 .text.UART_WaitOnFlagUntilTimeout
                0x0000000008001f34       0x94 ./Drivers/STM32F1xx_HAL_Driver/Src/stm32f1xx_hal_uart.o
 .text.UART_Start_Receive_IT
                0x0000000008001fc8       0x72 ./Drivers/STM32F1xx_HAL_Driver/Src/stm32f1xx_hal_uart.o
                0x0000000008001fc8                UART_Start_Receive_IT
 .text.UART_EndRxTransfer
                0x000000000800203a       0x58 ./Drivers/STM32F1xx_HAL_Driver/Src/stm32f1xx_hal_uart.o
 .text.UART_DMAAbortOnError
                0x0000000008002092       0x28 ./Drivers/STM32F1xx_HAL_Driver/Src/stm32f1xx_hal_uart.o
 .text.UART_Transmit_IT
                0x00000000080020ba       0x9e ./Drivers/STM32F1xx_HAL_Driver/Src/stm32f1xx_hal_uart.o
 .text.UART_EndTransmit_IT
                0x0000000008002158       0x30 ./Drivers/STM32F1xx_HAL_Driver/Src/stm32f1xx_hal_uart.o
 .text.UART_Receive_IT
                0x0000000008002188      0x152 ./Drivers/STM32F1xx_HAL_Driver/Src/stm32f1xx_hal_uart.o
 *fill*         0x00000000080022da        0x2 
 .text.UART_SetConfig
                0x00000000080022dc      0x11c ./Drivers/STM32F1xx_HAL_Driver/Src/stm32f1xx_hal_uart.o
 .text.__libc_init_array
                0x00000000080023f8       0x48 d:/st/stm32cubeide_1.10.1/stm32cubeide/plugins/com.st.stm32cube.ide.mcu.externaltools.gnu-tools-for-stm32.10.3-2021.10.win32_1.0.0.202111181127/tools/bin/../lib/gcc/arm-none-eabi/10.3.1/../../../../arm-none-eabi/lib/thumb/v7-m/nofp\libc_nano.a(lib_a-init.o)
                0x00000000080023f8                __libc_init_array
 .text.memset   0x0000000008002440       0x10 d:/st/stm32cubeide_1.10.1/stm32cubeide/plugins/com.st.stm32cube.ide.mcu.externaltools.gnu-tools-for-stm32.10.3-2021.10.win32_1.0.0.202111181127/tools/bin/../lib/gcc/arm-none-eabi/10.3.1/../../../../arm-none-eabi/lib/thumb/v7-m/nofp\libc_nano.a(lib_a-memset.o)
                0x0000000008002440                memset
 *(.glue_7)
 .glue_7        0x0000000008002450        0x0 linker stubs
 *(.glue_7t)
 .glue_7t       0x0000000008002450        0x0 linker stubs
 *(.eh_frame)
 .eh_frame      0x0000000008002450        0x0 d:/st/stm32cubeide_1.10.1/stm32cubeide/plugins/com.st.stm32cube.ide.mcu.externaltools.gnu-tools-for-stm32.10.3-2021.10.win32_1.0.0.202111181127/tools/bin/../lib/gcc/arm-none-eabi/10.3.1/thumb/v7-m/nofp/crtbegin.o
 *(.init)
 .init          0x0000000008002450        0x4 d:/st/stm32cubeide_1.10.1/stm32cubeide/plugins/com.st.stm32cube.ide.mcu.externaltools.gnu-tools-for-stm32.10.3-2021.10.win32_1.0.0.202111181127/tools/bin/../lib/gcc/arm-none-eabi/10.3.1/thumb/v7-m/nofp/crti.o
                0x0000000008002450                _init
 .init          0x0000000008002454        0x8 d:/st/stm32cubeide_1.10.1/stm32cubeide/plugins/com.st.stm32cube.ide.mcu.externaltools.gnu-tools-for-stm32.10.3-2021.10.win32_1.0.0.202111181127/tools/bin/../lib/gcc/arm-none-eabi/10.3.1/thumb/v7-m/nofp/crtn.o
 *(.fini)
 .fini          0x000000000800245c        0x4 d:/st/stm32cubeide_1.10.1/stm32cubeide/plugins/com.st.stm32cube.ide.mcu.externaltools.gnu-tools-for-stm32.10.3-2021.10.win32_1.0.0.202111181127/tools/bin/../lib/gcc/arm-none-eabi/10.3.1/thumb/v7-m/nofp/crti.o
                0x000000000800245c                _fini
 .fini          0x0000000008002460        0x8 d:/st/stm32cubeide_1.10.1/stm32cubeide/plugins/com.st.stm32cube.ide.mcu.externaltools.gnu-tools-for-stm32.10.3-2021.10.win32_1.0.0.202111181127/tools/bin/../lib/gcc/arm-none-eabi/10.3.1/thumb/v7-m/nofp/crtn.o
                0x0000000008002468                . = ALIGN (0x4)
                0x0000000008002468                _etext = .

.vfp11_veneer   0x0000000008002468        0x0
 .vfp11_veneer  0x0000000008002468        0x0 linker stubs

.v4_bx          0x0000000008002468        0x0
 .v4_bx         0x0000000008002468        0x0 linker stubs

.iplt           0x0000000008002468        0x0
 .iplt          0x0000000008002468        0x0 d:/st/stm32cubeide_1.10.1/stm32cubeide/plugins/com.st.stm32cube.ide.mcu.externaltools.gnu-tools-for-stm32.10.3-2021.10.win32_1.0.0.202111181127/tools/bin/../lib/gcc/arm-none-eabi/10.3.1/thumb/v7-m/nofp/crtbegin.o

.rodata         0x0000000008002468       0x38
                0x0000000008002468                . = ALIGN (0x4)
 *(.rodata)
 .rodata        0x0000000008002468        0xd ./Core/Src/main.o
 *fill*         0x0000000008002475        0x3 
 .rodata        0x0000000008002478       0x10 ./Drivers/STM32F1xx_HAL_Driver/Src/stm32f1xx_hal_rcc.o
 *(.rodata*)
 .rodata.AHBPrescTable
                0x0000000008002488       0x10 ./Core/Src/system_stm32f1xx.o
                0x0000000008002488                AHBPrescTable
 .rodata.APBPrescTable
                0x0000000008002498        0x8 ./Core/Src/system_stm32f1xx.o
                0x0000000008002498                APBPrescTable
                0x00000000080024a0                . = ALIGN (0x4)

.rel.dyn        0x00000000080024a0        0x0
 .rel.iplt      0x00000000080024a0        0x0 d:/st/stm32cubeide_1.10.1/stm32cubeide/plugins/com.st.stm32cube.ide.mcu.externaltools.gnu-tools-for-stm32.10.3-2021.10.win32_1.0.0.202111181127/tools/bin/../lib/gcc/arm-none-eabi/10.3.1/thumb/v7-m/nofp/crtbegin.o

.ARM.extab      0x00000000080024a0        0x0
                0x00000000080024a0                . = ALIGN (0x4)
 *(.ARM.extab* .gnu.linkonce.armextab.*)
                0x00000000080024a0                . = ALIGN (0x4)

.ARM            0x00000000080024a0        0x0
                0x00000000080024a0                . = ALIGN (0x4)
                0x00000000080024a0                __exidx_start = .
 *(.ARM.exidx*)
                0x00000000080024a0                __exidx_end = .
                0x00000000080024a0                . = ALIGN (0x4)

.preinit_array  0x00000000080024a0        0x0
                0x00000000080024a0                . = ALIGN (0x4)
                0x00000000080024a0                PROVIDE (__preinit_array_start = .)
 *(.preinit_array*)
                0x00000000080024a0                PROVIDE (__preinit_array_end = .)
                0x00000000080024a0                . = ALIGN (0x4)

.init_array     0x00000000080024a0        0x4
                0x00000000080024a0                . = ALIGN (0x4)
                0x00000000080024a0                PROVIDE (__init_array_start = .)
 *(SORT_BY_NAME(.init_array.*))
 *(.init_array*)
 .init_array    0x00000000080024a0        0x4 d:/st/stm32cubeide_1.10.1/stm32cubeide/plugins/com.st.stm32cube.ide.mcu.externaltools.gnu-tools-for-stm32.10.3-2021.10.win32_1.0.0.202111181127/tools/bin/../lib/gcc/arm-none-eabi/10.3.1/thumb/v7-m/nofp/crtbegin.o
                0x00000000080024a4                PROVIDE (__init_array_end = .)
                0x00000000080024a4                . = ALIGN (0x4)

.fini_array     0x00000000080024a4        0x4
                0x00000000080024a4                . = ALIGN (0x4)
                [!provide]                        PROVIDE (__fini_array_start = .)
 *(SORT_BY_NAME(.fini_array.*))
 *(.fini_array*)
 .fini_array    0x00000000080024a4        0x4 d:/st/stm32cubeide_1.10.1/stm32cubeide/plugins/com.st.stm32cube.ide.mcu.externaltools.gnu-tools-for-stm32.10.3-2021.10.win32_1.0.0.202111181127/tools/bin/../lib/gcc/arm-none-eabi/10.3.1/thumb/v7-m/nofp/crtbegin.o
                [!provide]                        PROVIDE (__fini_array_end = .)
                0x00000000080024a8                . = ALIGN (0x4)
                0x00000000080024a8                _sidata = LOADADDR (.data)

.data           0x0000000020000000        0xc load address 0x00000000080024a8
                0x0000000020000000                . = ALIGN (0x4)
                0x0000000020000000                _sdata = .
 *(.data)
 *(.data*)
 .data.SystemCoreClock
                0x0000000020000000        0x4 ./Core/Src/system_stm32f1xx.o
                0x0000000020000000                SystemCoreClock
 .data.uwTickPrio
                0x0000000020000004        0x4 ./Drivers/STM32F1xx_HAL_Driver/Src/stm32f1xx_hal.o
                0x0000000020000004                uwTickPrio
 .data.uwTickFreq
                0x0000000020000008        0x1 ./Drivers/STM32F1xx_HAL_Driver/Src/stm32f1xx_hal.o
                0x0000000020000008                uwTickFreq
 *(.RamFunc)
 *(.RamFunc*)
                0x000000002000000c                . = ALIGN (0x4)
 *fill*         0x0000000020000009        0x3 
                0x000000002000000c                _edata = .

.igot.plt       0x000000002000000c        0x0 load address 0x00000000080024b4
 .igot.plt      0x000000002000000c        0x0 d:/st/stm32cubeide_1.10.1/stm32cubeide/plugins/com.st.stm32cube.ide.mcu.externaltools.gnu-tools-for-stm32.10.3-2021.10.win32_1.0.0.202111181127/tools/bin/../lib/gcc/arm-none-eabi/10.3.1/thumb/v7-m/nofp/crtbegin.o
                0x000000002000000c                . = ALIGN (0x4)

.bss            0x000000002000000c      0x16c load address 0x00000000080024b4
                0x000000002000000c                _sbss = .
                0x000000002000000c                __bss_start__ = _sbss
 *(.bss)
 .bss           0x000000002000000c       0x1c d:/st/stm32cubeide_1.10.1/stm32cubeide/plugins/com.st.stm32cube.ide.mcu.externaltools.gnu-tools-for-stm32.10.3-2021.10.win32_1.0.0.202111181127/tools/bin/../lib/gcc/arm-none-eabi/10.3.1/thumb/v7-m/nofp/crtbegin.o
 *(.bss*)
 .bss.RxBuffer  0x0000000020000028      0x100 ./Core/Src/main.o
                0x0000000020000028                RxBuffer
 .bss.aRxBuffer
                0x0000000020000128        0x1 ./Core/Src/main.o
                0x0000000020000128                aRxBuffer
 .bss.Uart1_Rx_Cnt
                0x0000000020000129        0x1 ./Core/Src/main.o
                0x0000000020000129                Uart1_Rx_Cnt
 *fill*         0x000000002000012a        0x2 
 .bss.huart1    0x000000002000012c       0x44 ./Core/Src/main.o
                0x000000002000012c                huart1
 .bss.send      0x0000000020000170        0x1 ./Core/Src/main.o
                0x0000000020000170                send
 *fill*         0x0000000020000171        0x3 
 .bss.uwTick    0x0000000020000174        0x4 ./Drivers/STM32F1xx_HAL_Driver/Src/stm32f1xx_hal.o
                0x0000000020000174                uwTick
 *(COMMON)
                0x0000000020000178                . = ALIGN (0x4)
                0x0000000020000178                _ebss = .
                0x0000000020000178                __bss_end__ = _ebss

._user_heap_stack
                0x0000000020000178      0x600 load address 0x00000000080024b4
                0x0000000020000178                . = ALIGN (0x8)
                [!provide]                        PROVIDE (end = .)
                0x0000000020000178                PROVIDE (_end = .)
                0x0000000020000378                . = (. + _Min_Heap_Size)
 *fill*         0x0000000020000178      0x200 
                0x0000000020000778                . = (. + _Min_Stack_Size)
 *fill*         0x0000000020000378      0x400 
                0x0000000020000778                . = ALIGN (0x8)

/DISCARD/
 libc.a(*)
 libm.a(*)
 libgcc.a(*)

.ARM.attributes
                0x0000000000000000       0x29
 *(.ARM.attributes)
 .ARM.attributes
                0x0000000000000000       0x1d d:/st/stm32cubeide_1.10.1/stm32cubeide/plugins/com.st.stm32cube.ide.mcu.externaltools.gnu-tools-for-stm32.10.3-2021.10.win32_1.0.0.202111181127/tools/bin/../lib/gcc/arm-none-eabi/10.3.1/thumb/v7-m/nofp/crti.o
 .ARM.attributes
                0x000000000000001d       0x2d d:/st/stm32cubeide_1.10.1/stm32cubeide/plugins/com.st.stm32cube.ide.mcu.externaltools.gnu-tools-for-stm32.10.3-2021.10.win32_1.0.0.202111181127/tools/bin/../lib/gcc/arm-none-eabi/10.3.1/thumb/v7-m/nofp/crtbegin.o
 .ARM.attributes
                0x000000000000004a       0x2d ./Core/Src/main.o
 .ARM.attributes
                0x0000000000000077       0x2d ./Core/Src/stm32f1xx_hal_msp.o
 .ARM.attributes
                0x00000000000000a4       0x2d ./Core/Src/stm32f1xx_it.o
 .ARM.attributes
                0x00000000000000d1       0x2d ./Core/Src/system_stm32f1xx.o
 .ARM.attributes
                0x00000000000000fe       0x21 ./Core/Startup/startup_stm32f103rctx.o
 .ARM.attributes
                0x000000000000011f       0x2d ./Drivers/STM32F1xx_HAL_Driver/Src/stm32f1xx_hal.o
 .ARM.attributes
                0x000000000000014c       0x2d ./Drivers/STM32F1xx_HAL_Driver/Src/stm32f1xx_hal_cortex.o
 .ARM.attributes
                0x0000000000000179       0x2d ./Drivers/STM32F1xx_HAL_Driver/Src/stm32f1xx_hal_dma.o
 .ARM.attributes
                0x00000000000001a6       0x2d ./Drivers/STM32F1xx_HAL_Driver/Src/stm32f1xx_hal_gpio.o
 .ARM.attributes
                0x00000000000001d3       0x2d ./Drivers/STM32F1xx_HAL_Driver/Src/stm32f1xx_hal_rcc.o
 .ARM.attributes
                0x0000000000000200       0x2d ./Drivers/STM32F1xx_HAL_Driver/Src/stm32f1xx_hal_uart.o
 .ARM.attributes
                0x000000000000022d       0x2d d:/st/stm32cubeide_1.10.1/stm32cubeide/plugins/com.st.stm32cube.ide.mcu.externaltools.gnu-tools-for-stm32.10.3-2021.10.win32_1.0.0.202111181127/tools/bin/../lib/gcc/arm-none-eabi/10.3.1/../../../../arm-none-eabi/lib/thumb/v7-m/nofp\libc_nano.a(lib_a-init.o)
 .ARM.attributes
                0x000000000000025a       0x2d d:/st/stm32cubeide_1.10.1/stm32cubeide/plugins/com.st.stm32cube.ide.mcu.externaltools.gnu-tools-for-stm32.10.3-2021.10.win32_1.0.0.202111181127/tools/bin/../lib/gcc/arm-none-eabi/10.3.1/../../../../arm-none-eabi/lib/thumb/v7-m/nofp\libc_nano.a(lib_a-memset.o)
 .ARM.attributes
                0x0000000000000287       0x1d d:/st/stm32cubeide_1.10.1/stm32cubeide/plugins/com.st.stm32cube.ide.mcu.externaltools.gnu-tools-for-stm32.10.3-2021.10.win32_1.0.0.202111181127/tools/bin/../lib/gcc/arm-none-eabi/10.3.1/thumb/v7-m/nofp/crtn.o
OUTPUT(summer.elf elf32-littlearm)
LOAD linker stubs
LOAD d:/st/stm32cubeide_1.10.1/stm32cubeide/plugins/com.st.stm32cube.ide.mcu.externaltools.gnu-tools-for-stm32.10.3-2021.10.win32_1.0.0.202111181127/tools/bin/../lib/gcc/arm-none-eabi/10.3.1/../../../../arm-none-eabi/lib/thumb/v7-m/nofp\libc.a
LOAD d:/st/stm32cubeide_1.10.1/stm32cubeide/plugins/com.st.stm32cube.ide.mcu.externaltools.gnu-tools-for-stm32.10.3-2021.10.win32_1.0.0.202111181127/tools/bin/../lib/gcc/arm-none-eabi/10.3.1/../../../../arm-none-eabi/lib/thumb/v7-m/nofp\libm.a
LOAD d:/st/stm32cubeide_1.10.1/stm32cubeide/plugins/com.st.stm32cube.ide.mcu.externaltools.gnu-tools-for-stm32.10.3-2021.10.win32_1.0.0.202111181127/tools/bin/../lib/gcc/arm-none-eabi/10.3.1/thumb/v7-m/nofp\libgcc.a

.debug_info     0x0000000000000000     0x5d29
 .debug_info    0x0000000000000000      0xbd7 ./Core/Src/main.o
 .debug_info    0x0000000000000bd7      0xa39 ./Core/Src/stm32f1xx_hal_msp.o
 .debug_info    0x0000000000001610      0x60e ./Core/Src/stm32f1xx_it.o
 .debug_info    0x0000000000001c1e      0x23d ./Core/Src/system_stm32f1xx.o
 .debug_info    0x0000000000001e5b       0x22 ./Core/Startup/startup_stm32f103rctx.o
 .debug_info    0x0000000000001e7d      0x79a ./Drivers/STM32F1xx_HAL_Driver/Src/stm32f1xx_hal.o
 .debug_info    0x0000000000002617      0xb86 ./Drivers/STM32F1xx_HAL_Driver/Src/stm32f1xx_hal_cortex.o
 .debug_info    0x000000000000319d      0x73f ./Drivers/STM32F1xx_HAL_Driver/Src/stm32f1xx_hal_dma.o
 .debug_info    0x00000000000038dc      0x615 ./Drivers/STM32F1xx_HAL_Driver/Src/stm32f1xx_hal_gpio.o
 .debug_info    0x0000000000003ef1      0x860 ./Drivers/STM32F1xx_HAL_Driver/Src/stm32f1xx_hal_rcc.o
 .debug_info    0x0000000000004751     0x15d8 ./Drivers/STM32F1xx_HAL_Driver/Src/stm32f1xx_hal_uart.o

.debug_abbrev   0x0000000000000000     0x14af
 .debug_abbrev  0x0000000000000000      0x290 ./Core/Src/main.o
 .debug_abbrev  0x0000000000000290      0x1b2 ./Core/Src/stm32f1xx_hal_msp.o
 .debug_abbrev  0x0000000000000442      0x15f ./Core/Src/stm32f1xx_it.o
 .debug_abbrev  0x00000000000005a1      0x13b ./Core/Src/system_stm32f1xx.o
 .debug_abbrev  0x00000000000006dc       0x12 ./Core/Startup/startup_stm32f103rctx.o
 .debug_abbrev  0x00000000000006ee      0x1fb ./Drivers/STM32F1xx_HAL_Driver/Src/stm32f1xx_hal.o
 .debug_abbrev  0x00000000000008e9      0x2ed ./Drivers/STM32F1xx_HAL_Driver/Src/stm32f1xx_hal_cortex.o
 .debug_abbrev  0x0000000000000bd6      0x1fe ./Drivers/STM32F1xx_HAL_Driver/Src/stm32f1xx_hal_dma.o
 .debug_abbrev  0x0000000000000dd4      0x1bb ./Drivers/STM32F1xx_HAL_Driver/Src/stm32f1xx_hal_gpio.o
 .debug_abbrev  0x0000000000000f8f      0x2a8 ./Drivers/STM32F1xx_HAL_Driver/Src/stm32f1xx_hal_rcc.o
 .debug_abbrev  0x0000000000001237      0x278 ./Drivers/STM32F1xx_HAL_Driver/Src/stm32f1xx_hal_uart.o

.debug_aranges  0x0000000000000000      0x680
 .debug_aranges
                0x0000000000000000       0x50 ./Core/Src/main.o
 .debug_aranges
                0x0000000000000050       0x30 ./Core/Src/stm32f1xx_hal_msp.o
 .debug_aranges
                0x0000000000000080       0x68 ./Core/Src/stm32f1xx_it.o
 .debug_aranges
                0x00000000000000e8       0x28 ./Core/Src/system_stm32f1xx.o
 .debug_aranges
                0x0000000000000110       0x28 ./Core/Startup/startup_stm32f103rctx.o
 .debug_aranges
                0x0000000000000138       0xe0 ./Drivers/STM32F1xx_HAL_Driver/Src/stm32f1xx_hal.o
 .debug_aranges
                0x0000000000000218      0x100 ./Drivers/STM32F1xx_HAL_Driver/Src/stm32f1xx_hal_cortex.o
 .debug_aranges
                0x0000000000000318       0x80 ./Drivers/STM32F1xx_HAL_Driver/Src/stm32f1xx_hal_dma.o
 .debug_aranges
                0x0000000000000398       0x58 ./Drivers/STM32F1xx_HAL_Driver/Src/stm32f1xx_hal_gpio.o
 .debug_aranges
                0x00000000000003f0       0x90 ./Drivers/STM32F1xx_HAL_Driver/Src/stm32f1xx_hal_rcc.o
 .debug_aranges
                0x0000000000000480      0x200 ./Drivers/STM32F1xx_HAL_Driver/Src/stm32f1xx_hal_uart.o

.debug_ranges   0x0000000000000000      0x608
 .debug_ranges  0x0000000000000000       0x40 ./Core/Src/main.o
 .debug_ranges  0x0000000000000040       0x20 ./Core/Src/stm32f1xx_hal_msp.o
 .debug_ranges  0x0000000000000060       0x58 ./Core/Src/stm32f1xx_it.o
 .debug_ranges  0x00000000000000b8       0x18 ./Core/Src/system_stm32f1xx.o
 .debug_ranges  0x00000000000000d0       0x20 ./Core/Startup/startup_stm32f103rctx.o
 .debug_ranges  0x00000000000000f0       0xd0 ./Drivers/STM32F1xx_HAL_Driver/Src/stm32f1xx_hal.o
 .debug_ranges  0x00000000000001c0       0xf0 ./Drivers/STM32F1xx_HAL_Driver/Src/stm32f1xx_hal_cortex.o
 .debug_ranges  0x00000000000002b0       0x70 ./Drivers/STM32F1xx_HAL_Driver/Src/stm32f1xx_hal_dma.o
 .debug_ranges  0x0000000000000320       0x48 ./Drivers/STM32F1xx_HAL_Driver/Src/stm32f1xx_hal_gpio.o
 .debug_ranges  0x0000000000000368       0x80 ./Drivers/STM32F1xx_HAL_Driver/Src/stm32f1xx_hal_rcc.o
 .debug_ranges  0x00000000000003e8      0x220 ./Drivers/STM32F1xx_HAL_Driver/Src/stm32f1xx_hal_uart.o

.debug_macro    0x0000000000000000    0x187f0
 .debug_macro   0x0000000000000000      0x2a1 ./Core/Src/main.o
 .debug_macro   0x00000000000002a1      0xa6c ./Core/Src/main.o
 .debug_macro   0x0000000000000d0d      0x215 ./Core/Src/main.o
 .debug_macro   0x0000000000000f22       0x2e ./Core/Src/main.o
 .debug_macro   0x0000000000000f50       0x22 ./Core/Src/main.o
 .debug_macro   0x0000000000000f72       0x22 ./Core/Src/main.o
 .debug_macro   0x0000000000000f94       0x8e ./Core/Src/main.o
 .debug_macro   0x0000000000001022       0x51 ./Core/Src/main.o
 .debug_macro   0x0000000000001073      0x103 ./Core/Src/main.o
 .debug_macro   0x0000000000001176       0x6a ./Core/Src/main.o
 .debug_macro   0x00000000000011e0      0x1df ./Core/Src/main.o
 .debug_macro   0x00000000000013bf       0x1c ./Core/Src/main.o
 .debug_macro   0x00000000000013db       0x22 ./Core/Src/main.o
 .debug_macro   0x00000000000013fd       0xbd ./Core/Src/main.o
 .debug_macro   0x00000000000014ba      0xd23 ./Core/Src/main.o
 .debug_macro   0x00000000000021dd     0xfd8c ./Core/Src/main.o
 .debug_macro   0x0000000000011f69       0x6d ./Core/Src/main.o
 .debug_macro   0x0000000000011fd6     0x3468 ./Core/Src/main.o
 .debug_macro   0x000000000001543e      0x174 ./Core/Src/main.o
 .debug_macro   0x00000000000155b2       0x5c ./Core/Src/main.o
 .debug_macro   0x000000000001560e      0x5be ./Core/Src/main.o
 .debug_macro   0x0000000000015bcc      0x4d5 ./Core/Src/main.o
 .debug_macro   0x00000000000160a1      0x1cb ./Core/Src/main.o
 .debug_macro   0x000000000001626c      0x114 ./Core/Src/main.o
 .debug_macro   0x0000000000016380      0x1ea ./Core/Src/main.o
 .debug_macro   0x000000000001656a       0x27 ./Core/Src/main.o
 .debug_macro   0x0000000000016591      0x144 ./Core/Src/main.o
 .debug_macro   0x00000000000166d5      0x1bc ./Core/Src/main.o
 .debug_macro   0x0000000000016891       0x30 ./Core/Src/main.o
 .debug_macro   0x00000000000168c1       0x3c ./Core/Src/main.o
 .debug_macro   0x00000000000168fd       0x57 ./Core/Src/main.o
 .debug_macro   0x0000000000016954       0x88 ./Core/Src/main.o
 .debug_macro   0x00000000000169dc      0x24f ./Core/Src/main.o
 .debug_macro   0x0000000000016c2b      0x141 ./Core/Src/main.o
 .debug_macro   0x0000000000016d6c      0x279 ./Core/Src/main.o
 .debug_macro   0x0000000000016fe5       0xb5 ./Core/Src/main.o
 .debug_macro   0x000000000001709a       0xe8 ./Core/Src/main.o
 .debug_macro   0x0000000000017182       0x52 ./Core/Src/main.o
 .debug_macro   0x00000000000171d4       0x28 ./Core/Src/main.o
 .debug_macro   0x00000000000171fc       0x52 ./Core/Src/main.o
 .debug_macro   0x000000000001724e       0x18 ./Core/Src/main.o
 .debug_macro   0x0000000000017266       0x3c ./Core/Src/main.o
 .debug_macro   0x00000000000172a2       0x34 ./Core/Src/main.o
 .debug_macro   0x00000000000172d6       0x16 ./Core/Src/main.o
 .debug_macro   0x00000000000172ec       0x43 ./Core/Src/main.o
 .debug_macro   0x000000000001732f       0x34 ./Core/Src/main.o
 .debug_macro   0x0000000000017363       0x10 ./Core/Src/main.o
 .debug_macro   0x0000000000017373       0x58 ./Core/Src/main.o
 .debug_macro   0x00000000000173cb       0x71 ./Core/Src/main.o
 .debug_macro   0x000000000001743c       0x1c ./Core/Src/main.o
 .debug_macro   0x0000000000017458      0x12a ./Core/Src/main.o
 .debug_macro   0x0000000000017582      0x341 ./Core/Src/main.o
 .debug_macro   0x00000000000178c3       0x10 ./Core/Src/main.o
 .debug_macro   0x00000000000178d3       0x35 ./Core/Src/main.o
 .debug_macro   0x0000000000017908       0x20 ./Core/Src/main.o
 .debug_macro   0x0000000000017928      0x19d ./Core/Src/stm32f1xx_hal_msp.o
 .debug_macro   0x0000000000017ac5      0x1a7 ./Core/Src/stm32f1xx_it.o
 .debug_macro   0x0000000000017c6c      0x18e ./Core/Src/system_stm32f1xx.o
 .debug_macro   0x0000000000017dfa      0x1b2 ./Drivers/STM32F1xx_HAL_Driver/Src/stm32f1xx_hal.o
 .debug_macro   0x0000000000017fac      0x18e ./Drivers/STM32F1xx_HAL_Driver/Src/stm32f1xx_hal_cortex.o
 .debug_macro   0x000000000001813a      0x18e ./Drivers/STM32F1xx_HAL_Driver/Src/stm32f1xx_hal_dma.o
 .debug_macro   0x00000000000182c8      0x1f9 ./Drivers/STM32F1xx_HAL_Driver/Src/stm32f1xx_hal_gpio.o
 .debug_macro   0x00000000000184c1      0x1a0 ./Drivers/STM32F1xx_HAL_Driver/Src/stm32f1xx_hal_rcc.o
 .debug_macro   0x0000000000018661      0x18f ./Drivers/STM32F1xx_HAL_Driver/Src/stm32f1xx_hal_uart.o

.debug_line     0x0000000000000000     0x74f4
 .debug_line    0x0000000000000000      0x9ba ./Core/Src/main.o
 .debug_line    0x00000000000009ba      0x697 ./Core/Src/stm32f1xx_hal_msp.o
 .debug_line    0x0000000000001051      0x71b ./Core/Src/stm32f1xx_it.o
 .debug_line    0x000000000000176c      0x6bf ./Core/Src/system_stm32f1xx.o
 .debug_line    0x0000000000001e2b       0x87 ./Core/Startup/startup_stm32f103rctx.o
 .debug_line    0x0000000000001eb2      0x8ec ./Drivers/STM32F1xx_HAL_Driver/Src/stm32f1xx_hal.o
 .debug_line    0x000000000000279e      0xad4 ./Drivers/STM32F1xx_HAL_Driver/Src/stm32f1xx_hal_cortex.o
 .debug_line    0x0000000000003272     0x1216 ./Drivers/STM32F1xx_HAL_Driver/Src/stm32f1xx_hal_dma.o
 .debug_line    0x0000000000004488      0x9ab ./Drivers/STM32F1xx_HAL_Driver/Src/stm32f1xx_hal_gpio.o
 .debug_line    0x0000000000004e33      0xcfa ./Drivers/STM32F1xx_HAL_Driver/Src/stm32f1xx_hal_rcc.o
 .debug_line    0x0000000000005b2d     0x19c7 ./Drivers/STM32F1xx_HAL_Driver/Src/stm32f1xx_hal_uart.o

.debug_str      0x0000000000000000    0x8fafa
 .debug_str     0x0000000000000000    0x8e2f5 ./Core/Src/main.o
                                      0x8e754 (size before relaxing)
 .debug_str     0x000000000008e2f5      0x3d0 ./Core/Src/stm32f1xx_hal_msp.o
                                      0x8b5fd (size before relaxing)
 .debug_str     0x000000000008e6c5       0xef ./Core/Src/stm32f1xx_it.o
                                      0x8b1c9 (size before relaxing)
 .debug_str     0x000000000008e7b4       0x7e ./Core/Src/system_stm32f1xx.o
                                      0x8a9a8 (size before relaxing)
 .debug_str     0x000000000008e832       0x36 ./Core/Startup/startup_stm32f103rctx.o
                                         0x59 (size before relaxing)
 .debug_str     0x000000000008e868      0x376 ./Drivers/STM32F1xx_HAL_Driver/Src/stm32f1xx_hal.o
                                      0x8b1bf (size before relaxing)
 .debug_str     0x000000000008ebde      0x294 ./Drivers/STM32F1xx_HAL_Driver/Src/stm32f1xx_hal_cortex.o
                                      0x8b10b (size before relaxing)
 .debug_str     0x000000000008ee72      0x235 ./Drivers/STM32F1xx_HAL_Driver/Src/stm32f1xx_hal_dma.o
                                      0x8ad51 (size before relaxing)
 .debug_str     0x000000000008f0a7      0x2d0 ./Drivers/STM32F1xx_HAL_Driver/Src/stm32f1xx_hal_gpio.o
                                      0x8ad2e (size before relaxing)
 .debug_str     0x000000000008f377      0x211 ./Drivers/STM32F1xx_HAL_Driver/Src/stm32f1xx_hal_rcc.o
                                      0x8add7 (size before relaxing)
 .debug_str     0x000000000008f588      0x572 ./Drivers/STM32F1xx_HAL_Driver/Src/stm32f1xx_hal_uart.o
                                      0x8b3e2 (size before relaxing)

.comment        0x0000000000000000       0x50
 .comment       0x0000000000000000       0x50 ./Core/Src/main.o
                                         0x51 (size before relaxing)
 .comment       0x0000000000000050       0x51 ./Core/Src/stm32f1xx_hal_msp.o
 .comment       0x0000000000000050       0x51 ./Core/Src/stm32f1xx_it.o
 .comment       0x0000000000000050       0x51 ./Core/Src/system_stm32f1xx.o
 .comment       0x0000000000000050       0x51 ./Drivers/STM32F1xx_HAL_Driver/Src/stm32f1xx_hal.o
 .comment       0x0000000000000050       0x51 ./Drivers/STM32F1xx_HAL_Driver/Src/stm32f1xx_hal_cortex.o
 .comment       0x0000000000000050       0x51 ./Drivers/STM32F1xx_HAL_Driver/Src/stm32f1xx_hal_dma.o
 .comment       0x0000000000000050       0x51 ./Drivers/STM32F1xx_HAL_Driver/Src/stm32f1xx_hal_gpio.o
 .comment       0x0000000000000050       0x51 ./Drivers/STM32F1xx_HAL_Driver/Src/stm32f1xx_hal_rcc.o
 .comment       0x0000000000000050       0x51 ./Drivers/STM32F1xx_HAL_Driver/Src/stm32f1xx_hal_uart.o

.debug_frame    0x0000000000000000     0x1918
 .debug_frame   0x0000000000000000       0xf0 ./Core/Src/main.o
 .debug_frame   0x00000000000000f0       0x80 ./Core/Src/stm32f1xx_hal_msp.o
 .debug_frame   0x0000000000000170      0x120 ./Core/Src/stm32f1xx_it.o
 .debug_frame   0x0000000000000290       0x58 ./Core/Src/system_stm32f1xx.o
 .debug_frame   0x00000000000002e8      0x334 ./Drivers/STM32F1xx_HAL_Driver/Src/stm32f1xx_hal.o
 .debug_frame   0x000000000000061c      0x428 ./Drivers/STM32F1xx_HAL_Driver/Src/stm32f1xx_hal_cortex.o
 .debug_frame   0x0000000000000a44      0x20c ./Drivers/STM32F1xx_HAL_Driver/Src/stm32f1xx_hal_dma.o
 .debug_frame   0x0000000000000c50      0x14c ./Drivers/STM32F1xx_HAL_Driver/Src/stm32f1xx_hal_gpio.o
 .debug_frame   0x0000000000000d9c      0x21c ./Drivers/STM32F1xx_HAL_Driver/Src/stm32f1xx_hal_rcc.o
 .debug_frame   0x0000000000000fb8      0x914 ./Drivers/STM32F1xx_HAL_Driver/Src/stm32f1xx_hal_uart.o
 .debug_frame   0x00000000000018cc       0x2c d:/st/stm32cubeide_1.10.1/stm32cubeide/plugins/com.st.stm32cube.ide.mcu.externaltools.gnu-tools-for-stm32.10.3-2021.10.win32_1.0.0.202111181127/tools/bin/../lib/gcc/arm-none-eabi/10.3.1/../../../../arm-none-eabi/lib/thumb/v7-m/nofp\libc_nano.a(lib_a-init.o)
 .debug_frame   0x00000000000018f8       0x20 d:/st/stm32cubeide_1.10.1/stm32cubeide/plugins/com.st.stm32cube.ide.mcu.externaltools.gnu-tools-for-stm32.10.3-2021.10.win32_1.0.0.202111181127/tools/bin/../lib/gcc/arm-none-eabi/10.3.1/../../../../arm-none-eabi/lib/thumb/v7-m/nofp\libc_nano.a(lib_a-memset.o)
