22:27:48 **** Incremental Build of configuration Debug for project summer ****
make -j12 all 
arm-none-eabi-gcc "../Core/Src/main.c" -mcpu=cortex-m3 -std=gnu11 -g3 -DDEBUG -DUSE_HAL_DRIVER -DSTM32F103xE -c -I../Core/Inc -I../Drivers/STM32F1xx_HAL_Driver/Inc/Legacy -I../Drivers/STM32F1xx_HAL_Driver/Inc -I../Drivers/CMSIS/Device/ST/STM32F1xx/Include -I../Drivers/CMSIS/Include -O0 -ffunction-sections -fdata-sections -Wall -fstack-usage -MMD -MP -MF"Core/Src/main.d" -MT"Core/Src/main.o" --specs=nano.specs -mfloat-abi=soft -mthumb -o "Core/Src/main.o"
../Core/Src/main.c: In function 'HAL_UART_RxCpltCallback':
../Core/Src/main.c:280:13: warning: this 'while' clause does not guard... [-Wmisleading-indentation]
  280 |             while(HAL_UART_GetState(&huart1) == HAL_UART_STATE_BUSY_TX);//ï¿???æµ‹UARTå‘ï¿½?ï¿½ç»“ï¿???
      |             ^~~~~
../Core/Src/main.c:281:4: note: ...this statement, but the latter is misleadingly indented as if it were guarded by the 'while'
  281 |    Uart1_Rx_Cnt = 0;
      |    ^~~~~~~~~~~~
arm-none-eabi-gcc -o "summer.elf" @"objects.list"   -mcpu=cortex-m3 -T"D:\ST\stm32_workspace\summer\STM32F103RCTX_FLASH.ld" --specs=nosys.specs -Wl,-Map="summer.map" -Wl,--gc-sections -static --specs=nano.specs -mfloat-abi=soft -mthumb -Wl,--start-group -lc -lm -Wl,--end-group
Finished building target: summer.elf
 
arm-none-eabi-size   summer.elf 
arm-none-eabi-objdump -h -S  summer.elf  > "summer.list"
   text	   data	    bss	    dec	    hex	filename
   9376	     20	   1900	  11296	   2c20	summer.elf
Finished building: default.size.stdout
 
Finished building: summer.list
 

22:27:48 Build Finished. 0 errors, 1 warnings. (took 388ms)

